WebpackBundle {
  "chunks": [],
  "entryId": "",
  "modules": Map {
    "97418" => WebpackModule {
      "ast": module.exports = "foo";,
      "dependencies": Set {},
      "exports": Set {},
      "externalModule": undefined,
      "id": "97418",
      "isEntry": false,
      "path": "97418.js",
    },
  },
  "type": "webpack",
}