WebpackBundle {
  "chunks": [
    WebpackChunk {
      "chunkIds": [],
      "entryIds": [],
      "modules": Map {
        "0" => WebpackModule {
          "ast": import * as path from "path";
console.log(path);,
          "dependencies": Set {
            "1",
          },
          "exports": Set {},
          "externalModule": undefined,
          "id": "0",
          "isEntry": false,
          "path": "0.js",
        },
        "1" => WebpackModule {
          "ast": module.exports = require("path");,
          "dependencies": Set {},
          "exports": Set {},
          "externalModule": "path",
          "id": "1",
          "isEntry": false,
          "path": "1.js",
        },
      },
    },
  ],
  "entryId": "",
  "modules": Map {
    "0" => WebpackModule {
      "ast": import * as path from "path";
console.log(path);,
      "dependencies": Set {
        "1",
      },
      "exports": Set {},
      "externalModule": undefined,
      "id": "0",
      "isEntry": false,
      "path": "0.js",
    },
    "1" => WebpackModule {
      "ast": module.exports = require("path");,
      "dependencies": Set {},
      "exports": Set {},
      "externalModule": "path",
      "id": "1",
      "isEntry": false,
      "path": "1.js",
    },
  },
  "type": "webpack",
}